node.exe : [31mFailed to compile.
At line:1 char:1
+ & "C:\Program Files\nodejs/node.exe" "C:\Users\JARVIS\AppData\Roaming ...
+ ~~~~~~~~~~~~~~~~~~~~~~~~~~~~~~~~~~~~~~~~~~~~~~~~~~~~~~~~~~~~~~~~~~~~~
    + CategoryInfo          : NotSpecified: ([31mFailed to compile.:String) [], RemoteException
    + FullyQualifiedErrorId : NativeCommandError
 
[39m
./src/app/about-us/components/AchievementsSection.tsx
[31m[1mModule not found[22m[39m: Can't resolve '[32m@/components/ui/AppIcon[39m'

https://nextjs.org/docs/messages/module-not-found

Import trace for requested module:
./src/app/about-us/components/AboutUsInteractive.tsx

./src/app/about-us/components/CTASection.tsx
[31m[1mModule not found[22m[39m: Can't resolve '[32m@/components/ui/AppIcon[39m'

https://nextjs.org/docs/messages/module-not-found

Import trace for requested module:
./src/app/about-us/components/AboutUsInteractive.tsx

./src/app/about-us/components/HeroSection.tsx
[31m[1mModule not found[22m[39m: Can't resolve '[32m@/components/ui/AppImage[39m'

https://nextjs.org/docs/messages/module-not-found

Import trace for requested module:
./src/app/about-us/components/AboutUsInteractive.tsx

./src/app/about-us/components/LeadershipSection.tsx
[31m[1mModule not found[22m[39m: Can't resolve '[32m@/components/ui/AppImage[39m'

https://nextjs.org/docs/messages/module-not-found

Import trace for requested module:
./src/app/about-us/components/AboutUsInteractive.tsx

./src/app/about-us/components/LeadershipSection.tsx
[31m[1mModule not found[22m[39m: Can't resolve '[32m@/components/ui/AppIcon[39m'

https://nextjs.org/docs/messages/module-not-found

Import trace for requested module:
./src/app/about-us/components/AboutUsInteractive.tsx


> Build failed because of webpack errors
